Gff	Core_gene_1	Core_gene_2	Core_region_size	Core_region_accessory_count
complete_genome_double_chrom_3_extra_large	A	B	9	0
complete_genome_double_chrom_extra_large	A	B	9	0
complete_genome_double_chrom_larger	A	B	9	0
complete_genome_double_chrom_3_extra_large	A	I	0	0
complete_genome_double_chrom_extra_large	A	I	0	0
complete_genome_double_chrom_larger	A	I	0	0
complete_genome_double_chrom_larger	B	C	9	0
complete_genome_double_chrom_3_extra_large	B	Q	1	0
complete_genome_double_chrom_extra_large	B	Q	1	0
complete_genome_double_chrom_3_extra_large	C	D	3	0
complete_genome_double_chrom_extra_large	C	D	3	0
complete_genome_double_chrom_larger	C	D	3	0
complete_genome_double_chrom_3_extra_large	C	Q	-3	0
complete_genome_double_chrom_extra_large	C	Q	-3	0
complete_genome_double_chrom_3_extra_large	D	J	0	0
complete_genome_double_chrom_extra_large	D	J	-3	0
complete_genome_double_chrom_larger	D	J	-3	0
complete_genome_double_chrom_3_extra_large	E	F	9	0
complete_genome_double_chrom_extra_large	E	F	9	0
complete_genome_double_chrom_larger	E	F	9	0
complete_genome_double_chrom_3_extra_large	E	K	0	0
complete_genome_double_chrom_extra_large	E	K	0	0
complete_genome_double_chrom_larger	E	K	0	0
complete_genome_double_chrom_larger	F	G	9	0
complete_genome_double_chrom_3_extra_large	F	Z	1	0
complete_genome_double_chrom_extra_large	F	Z	1	0
complete_genome_double_chrom_3_extra_large	G	H	0	0
complete_genome_double_chrom_extra_large	G	H	0	0
complete_genome_double_chrom_larger	G	H	0	0
complete_genome_double_chrom_3_extra_large	G	Z	-3	0
complete_genome_double_chrom_extra_large	G	Z	-3	0
complete_genome_double_chrom_3_extra_large	H	L	0	0
complete_genome_double_chrom_extra_large	H	L	0	0
complete_genome_double_chrom_larger	H	L	0	0
complete_genome_double_chrom_3_extra_large	J	Sequence_break	3	0
complete_genome_double_chrom_extra_large	J	Sequence_break	1	0
complete_genome_double_chrom_larger	J	Sequence_break	1	0
complete_genome_double_chrom_3_extra_large	L	M	-700	0
complete_genome_double_chrom_extra_large	L	M	0	0
complete_genome_double_chrom_larger	L	M	0	0
complete_genome_double_chrom_3_extra_large	M	Sequence_break	698	0
complete_genome_double_chrom_extra_large	M	Sequence_break	2	0
complete_genome_double_chrom_larger	M	Sequence_break	2	0
complete_genome_double_chrom_3_extra_large	Sequence_break	I	0	0
complete_genome_double_chrom_extra_large	Sequence_break	I	0	0
complete_genome_double_chrom_larger	Sequence_break	I	0	0
complete_genome_double_chrom_3_extra_large	Sequence_break	K	0	0
complete_genome_double_chrom_extra_large	Sequence_break	K	0	0
complete_genome_double_chrom_larger	Sequence_break	K	0	0
