Gff	Core_gene_1	Core_gene_2	gene	type
genome_single_chrom_larger	C	Sequence_break	A	intermediate_frequency
genome_single_chrom_larger	C	Sequence_break	E	intermediate_frequency
genome_single_chrom_larger	C	Sequence_break	F	intermediate_frequency
genome_single_chrom_larger	C	Sequence_break	G	low_frequency
genome_single_chrom_larger_rearrange	C	Sequence_break	B	intermediate_frequency
genome_single_chrom_larger_rearrange	C	Sequence_break	E	intermediate_frequency
genome_single_chrom_larger_rearrange	C	Sequence_break	F	intermediate_frequency
complete_genome_single_chrom	Sequence_break	C	A	intermediate_frequency
complete_genome_single_chrom	Sequence_break	C	B	intermediate_frequency
complete_genome_single_chrom_2	Sequence_break	C	A	intermediate_frequency
complete_genome_single_chrom_2	Sequence_break	C	E	intermediate_frequency
genome_single_chrom_larger	Sequence_break	C	A	intermediate_frequency
genome_single_chrom_larger	Sequence_break	C	B	intermediate_frequency
genome_single_chrom_larger_rearrange	Sequence_break	C	A	intermediate_frequency
genome_single_chrom_larger_rearrange	Sequence_break	C	D	low_frequency
