Gff	Core_gene_1	Core_gene_2	Core_region_size	Core_region_accessory_count
candidate_gene_1	A	B	9	0
candidate_gene_2	A	B	9	0
candidate_gene_1	B	C	9	0
candidate_gene_2	B	C	9	0
candidate_gene_1	C	Sequence_break	10	0
candidate_gene_2	C	Sequence_break	10	0
candidate_gene_1	Sequence_break	A	0	0
candidate_gene_2	Sequence_break	A	0	0
