Gff	Core_gene_1	Core_gene_2	gene	type
genome_single_chrom_larger_rearrange	A	C	D	intermediate_frequency
genome_single_chrom_larger_rearrange	C	E	B	intermediate_frequency
genome_single_chrom_larger_refound	C	E	D	intermediate_frequency
genome_single_chrom_larger_rearrange	E	Sequence_break	F	intermediate_frequency
genome_single_chrom_larger_refound	E	Sequence_break	F	intermediate_frequency
genome_single_chrom_larger_refound	E	Sequence_break	G	intermediate_frequency
