Gff	Core_gene_1	Core_gene_2	Core_region_size	Core_region_accessory_count
genome_single_chrom_larger	A	B	9	0
genome_single_chrom_larger	B	C	9	0
genome_single_chrom_larger	C	D	9	0
genome_single_chrom_larger	D	E	9	0
genome_single_chrom_larger	E	F	9	0
genome_single_chrom_larger	A	F	10	1
genome_single_chrom_larger_rearrange	A	D	9	0
genome_single_chrom_larger_rearrange	C	D	9	0
genome_single_chrom_larger_rearrange	B	C	9	0
genome_single_chrom_larger_rearrange	B	E	9	0
genome_single_chrom_larger_rearrange	E	F	9	0
genome_single_chrom_larger_rearrange	A	F	10	0
